2021/02/03 19:29:31 [emerg] 1#1: invalid number of arguments in "proxy_set_header" directive in /etc/nginx/conf.d/default.conf:10
2021/02/03 19:30:25 [emerg] 1#1: invalid number of arguments in "proxy_set_header" directive in /etc/nginx/conf.d/default.conf:10
2021/02/03 19:32:23 [emerg] 1#1: invalid number of arguments in "proxy_set_header" directive in /etc/nginx/conf.d/default.conf:10
2021/02/03 19:39:31 [warn] 1#1: server name "docker.unifin.cmp/gitea" has suspicious symbols in /etc/nginx/conf.d/default.conf:3
2021/02/03 19:39:31 [warn] 1#1: server name "docker.unifin.cmp/jenkins" has suspicious symbols in /etc/nginx/conf.d/default.conf:13
2021/02/03 19:40:00 [error] 27#27: *2 connect() failed (111: Connection refused) while connecting to upstream, client: 10.200.10.136, server: docker.unifin.cmp/gitea, request: "GET / HTTP/1.1", upstream: "http://127.0.0.1:8080/", host: "10.0.0.38"
2021/02/03 19:40:00 [warn] 27#27: *2 upstream server temporarily disabled while connecting to upstream, client: 10.200.10.136, server: docker.unifin.cmp/gitea, request: "GET / HTTP/1.1", upstream: "http://127.0.0.1:8080/", host: "10.0.0.38"
2021/02/03 19:40:00 [error] 27#27: *2 connect() failed (111: Connection refused) while connecting to upstream, client: 10.200.10.136, server: docker.unifin.cmp/gitea, request: "GET / HTTP/1.1", upstream: "http://127.0.0.1:8080/", host: "10.0.0.38"
2021/02/03 19:40:00 [warn] 27#27: *2 upstream server temporarily disabled while connecting to upstream, client: 10.200.10.136, server: docker.unifin.cmp/gitea, request: "GET / HTTP/1.1", upstream: "http://127.0.0.1:8080/", host: "10.0.0.38"
2021/02/03 19:40:05 [error] 27#27: *5 no live upstreams while connecting to upstream, client: 10.200.10.136, server: docker.unifin.cmp/gitea, request: "GET / HTTP/1.1", upstream: "http://localhost/", host: "10.0.0.38"
2021/02/03 19:40:07 [error] 27#27: *2 no live upstreams while connecting to upstream, client: 10.200.10.136, server: docker.unifin.cmp/gitea, request: "GET /gitea HTTP/1.1", upstream: "http://localhost/gitea", host: "10.0.0.38"
2021/02/03 19:40:08 [error] 27#27: *5 no live upstreams while connecting to upstream, client: 10.200.10.136, server: docker.unifin.cmp/gitea, request: "GET /favicon.ico HTTP/1.1", upstream: "http://localhost/favicon.ico", host: "10.0.0.38", referrer: "http://10.0.0.38/gitea"
2021/02/03 19:41:03 [warn] 1#1: server name "docker.unifin.cmp/gitea" has suspicious symbols in /etc/nginx/conf.d/default.conf:3
2021/02/03 19:41:03 [warn] 1#1: server name "docker.unifin.cmp/jenkins" has suspicious symbols in /etc/nginx/conf.d/default.conf:13
2021/02/03 19:41:08 [error] 27#27: *1 connect() failed (111: Connection refused) while connecting to upstream, client: 10.200.10.136, server: docker.unifin.cmp/gitea, request: "GET /gitea HTTP/1.1", upstream: "http://127.0.0.1:8080/gitea", host: "10.0.0.38"
2021/02/03 19:41:08 [warn] 27#27: *1 upstream server temporarily disabled while connecting to upstream, client: 10.200.10.136, server: docker.unifin.cmp/gitea, request: "GET /gitea HTTP/1.1", upstream: "http://127.0.0.1:8080/gitea", host: "10.0.0.38"
2021/02/03 19:41:08 [error] 27#27: *1 connect() failed (111: Connection refused) while connecting to upstream, client: 10.200.10.136, server: docker.unifin.cmp/gitea, request: "GET /gitea HTTP/1.1", upstream: "http://127.0.0.1:8080/gitea", host: "10.0.0.38"
2021/02/03 19:41:08 [warn] 27#27: *1 upstream server temporarily disabled while connecting to upstream, client: 10.200.10.136, server: docker.unifin.cmp/gitea, request: "GET /gitea HTTP/1.1", upstream: "http://127.0.0.1:8080/gitea", host: "10.0.0.38"
2021/02/03 19:41:15 [error] 27#27: *5 no live upstreams while connecting to upstream, client: 10.200.10.136, server: docker.unifin.cmp/gitea, request: "GET /gitea HTTP/1.1", upstream: "http://localhost/gitea", host: "10.0.0.38"
2021/02/03 19:41:16 [error] 27#27: *5 "/etc/nginx/html/index.html" is not found (2: No such file or directory), client: 10.200.10.136, server: docker.unifin.cmp/gitea, request: "GET / HTTP/1.1", host: "10.0.0.38"
2021/02/03 19:41:22 [error] 27#27: *5 "/etc/nginx/html/index.html" is not found (2: No such file or directory), client: 10.200.10.136, server: docker.unifin.cmp/gitea, request: "GET / HTTP/1.1", host: "10.0.0.38"
2021/02/03 19:41:26 [error] 27#27: *5 connect() failed (111: Connection refused) while connecting to upstream, client: 10.200.10.136, server: docker.unifin.cmp/gitea, request: "GET /gitea HTTP/1.1", upstream: "http://127.0.0.1:8080/gitea", host: "10.0.0.38"
2021/02/03 19:41:26 [warn] 27#27: *5 upstream server temporarily disabled while connecting to upstream, client: 10.200.10.136, server: docker.unifin.cmp/gitea, request: "GET /gitea HTTP/1.1", upstream: "http://127.0.0.1:8080/gitea", host: "10.0.0.38"
2021/02/03 19:41:26 [error] 27#27: *5 connect() failed (111: Connection refused) while connecting to upstream, client: 10.200.10.136, server: docker.unifin.cmp/gitea, request: "GET /gitea HTTP/1.1", upstream: "http://127.0.0.1:8080/gitea", host: "10.0.0.38"
2021/02/03 19:41:26 [warn] 27#27: *5 upstream server temporarily disabled while connecting to upstream, client: 10.200.10.136, server: docker.unifin.cmp/gitea, request: "GET /gitea HTTP/1.1", upstream: "http://127.0.0.1:8080/gitea", host: "10.0.0.38"
2021/02/03 19:41:29 [error] 27#27: *5 no live upstreams while connecting to upstream, client: 10.200.10.136, server: docker.unifin.cmp/gitea, request: "GET /gitea HTTP/1.1", upstream: "http://localhost/gitea", host: "10.0.0.38"
2021/02/03 19:41:30 [error] 27#27: *5 "/etc/nginx/html/index.html" is not found (2: No such file or directory), client: 10.200.10.136, server: docker.unifin.cmp/gitea, request: "GET / HTTP/1.1", host: "10.0.0.38"
2021/02/03 19:42:51 [warn] 1#1: server name "10.0.0.38/gitea" has suspicious symbols in /etc/nginx/conf.d/default.conf:3
2021/02/03 19:42:51 [warn] 1#1: server name "10.0.0.38/jenkins" has suspicious symbols in /etc/nginx/conf.d/default.conf:13
2021/02/03 19:43:09 [error] 27#27: *1 "/etc/nginx/html/index.html" is not found (2: No such file or directory), client: 10.200.10.136, server: 10.0.0.38/gitea, request: "GET / HTTP/1.1", host: "10.0.0.38"
2021/02/03 19:43:12 [error] 27#27: *3 "/etc/nginx/html/index.html" is not found (2: No such file or directory), client: 10.200.10.136, server: 10.0.0.38/gitea, request: "GET / HTTP/1.1", host: "10.0.0.38"
2021/02/03 19:43:14 [error] 27#27: *1 open() "/etc/nginx/html/jenkins" failed (2: No such file or directory), client: 10.200.10.136, server: 10.0.0.38/gitea, request: "GET /jenkins HTTP/1.1", host: "10.0.0.38"
2021/02/03 19:43:15 [error] 27#27: *3 open() "/etc/nginx/html/favicon.ico" failed (2: No such file or directory), client: 10.200.10.136, server: 10.0.0.38/gitea, request: "GET /favicon.ico HTTP/1.1", host: "10.0.0.38", referrer: "http://10.0.0.38/jenkins"
2021/02/03 19:43:58 [warn] 1#1: server name "10.0.0.38/gitea" has suspicious symbols in /etc/nginx/conf.d/default.conf:3
2021/02/03 19:43:58 [warn] 1#1: server name "10.0.0.38/jenkins" has suspicious symbols in /etc/nginx/conf.d/default.conf:13
2021/02/03 19:44:01 [error] 27#27: *1 open() "/etc/nginx/html/jenkins" failed (2: No such file or directory), client: 10.200.10.136, server: 10.0.0.38/gitea, request: "GET /jenkins HTTP/1.1", host: "10.0.0.38"
2021/02/03 19:44:04 [error] 27#27: *3 open() "/etc/nginx/html/jenkins" failed (2: No such file or directory), client: 10.200.10.136, server: 10.0.0.38/gitea, request: "GET /jenkins HTTP/1.1", host: "10.0.0.38"
2021/02/03 19:44:05 [error] 27#27: *3 "/etc/nginx/html/index.html" is not found (2: No such file or directory), client: 10.200.10.136, server: 10.0.0.38/gitea, request: "GET / HTTP/1.1", host: "10.0.0.38"
2021/02/03 19:44:09 [error] 27#27: *3 "/etc/nginx/html/index.html" is not found (2: No such file or directory), client: 10.200.10.136, server: 10.0.0.38/gitea, request: "GET / HTTP/1.1", host: "10.0.0.38"
2021/02/03 19:44:10 [error] 27#27: *3 connect() failed (111: Connection refused) while connecting to upstream, client: 10.200.10.136, server: 10.0.0.38/gitea, request: "GET /gitea HTTP/1.1", upstream: "http://127.0.0.1:8080/gitea", host: "10.0.0.38"
2021/02/03 19:44:10 [warn] 27#27: *3 upstream server temporarily disabled while connecting to upstream, client: 10.200.10.136, server: 10.0.0.38/gitea, request: "GET /gitea HTTP/1.1", upstream: "http://127.0.0.1:8080/gitea", host: "10.0.0.38"
2021/02/03 19:44:10 [error] 27#27: *3 connect() failed (111: Connection refused) while connecting to upstream, client: 10.200.10.136, server: 10.0.0.38/gitea, request: "GET /gitea HTTP/1.1", upstream: "http://127.0.0.1:8080/gitea", host: "10.0.0.38"
2021/02/03 19:44:10 [warn] 27#27: *3 upstream server temporarily disabled while connecting to upstream, client: 10.200.10.136, server: 10.0.0.38/gitea, request: "GET /gitea HTTP/1.1", upstream: "http://127.0.0.1:8080/gitea", host: "10.0.0.38"
2021/02/03 19:45:20 [warn] 1#1: conflicting server name "" on 0.0.0.0:80, ignored
2021/02/03 19:45:25 [error] 27#27: *1 connect() failed (111: Connection refused) while connecting to upstream, client: 10.200.10.136, server: , request: "GET /gitea HTTP/1.1", upstream: "http://127.0.0.1:8080/gitea", host: "10.0.0.38"
2021/02/03 19:45:25 [warn] 27#27: *1 upstream server temporarily disabled while connecting to upstream, client: 10.200.10.136, server: , request: "GET /gitea HTTP/1.1", upstream: "http://127.0.0.1:8080/gitea", host: "10.0.0.38"
2021/02/03 19:45:25 [error] 27#27: *1 connect() failed (111: Connection refused) while connecting to upstream, client: 10.200.10.136, server: , request: "GET /gitea HTTP/1.1", upstream: "http://127.0.0.1:8080/gitea", host: "10.0.0.38"
2021/02/03 19:45:25 [warn] 27#27: *1 upstream server temporarily disabled while connecting to upstream, client: 10.200.10.136, server: , request: "GET /gitea HTTP/1.1", upstream: "http://127.0.0.1:8080/gitea", host: "10.0.0.38"
2021/02/03 19:45:38 [error] 27#27: *5 connect() failed (111: Connection refused) while connecting to upstream, client: 10.200.10.136, server: , request: "GET /gitea HTTP/1.1", upstream: "http://127.0.0.1:8080/gitea", host: "10.0.0.38"
2021/02/03 19:45:38 [warn] 27#27: *5 upstream server temporarily disabled while connecting to upstream, client: 10.200.10.136, server: , request: "GET /gitea HTTP/1.1", upstream: "http://127.0.0.1:8080/gitea", host: "10.0.0.38"
2021/02/03 19:45:38 [error] 27#27: *5 connect() failed (111: Connection refused) while connecting to upstream, client: 10.200.10.136, server: , request: "GET /gitea HTTP/1.1", upstream: "http://127.0.0.1:8080/gitea", host: "10.0.0.38"
2021/02/03 19:45:38 [warn] 27#27: *5 upstream server temporarily disabled while connecting to upstream, client: 10.200.10.136, server: , request: "GET /gitea HTTP/1.1", upstream: "http://127.0.0.1:8080/gitea", host: "10.0.0.38"
2021/02/03 19:45:39 [error] 27#27: *5 "/etc/nginx/html/index.html" is not found (2: No such file or directory), client: 10.200.10.136, server: , request: "GET / HTTP/1.1", host: "10.0.0.38"
2021/02/03 19:50:53 [warn] 1#1: server name "10.0.0.38/gitea" has suspicious symbols in /etc/nginx/conf.d/default.conf:3
2021/02/03 19:51:57 [warn] 1#1: conflicting server name "" on 0.0.0.0:80, ignored
2021/02/03 19:53:27 [error] 27#27: *2 connect() failed (111: Connection refused) while connecting to upstream, client: 10.200.10.136, server: , request: "GET / HTTP/1.1", upstream: "http://127.0.0.1:8080/", host: "10.0.0.38"
2021/02/03 19:53:27 [warn] 27#27: *2 upstream server temporarily disabled while connecting to upstream, client: 10.200.10.136, server: , request: "GET / HTTP/1.1", upstream: "http://127.0.0.1:8080/", host: "10.0.0.38"
2021/02/03 19:53:27 [error] 27#27: *2 connect() failed (111: Connection refused) while connecting to upstream, client: 10.200.10.136, server: , request: "GET / HTTP/1.1", upstream: "http://127.0.0.1:8080/", host: "10.0.0.38"
2021/02/03 19:53:27 [warn] 27#27: *2 upstream server temporarily disabled while connecting to upstream, client: 10.200.10.136, server: , request: "GET / HTTP/1.1", upstream: "http://127.0.0.1:8080/", host: "10.0.0.38"
2021/02/03 19:55:20 [warn] 28#28: *2 an upstream response is buffered to a temporary file /var/cache/nginx/proxy_temp/1/00/0000000001 while reading upstream, client: 10.200.10.136, server: , request: "GET /css/index.css?v=4fca2329573a94ee4352c9fc3ebc2552 HTTP/1.1", upstream: "http://10.0.0.38:8080/css/index.css?v=4fca2329573a94ee4352c9fc3ebc2552", host: "10.0.0.38"
2021/02/03 19:55:20 [warn] 28#28: *10 an upstream response is buffered to a temporary file /var/cache/nginx/proxy_temp/2/00/0000000002 while reading upstream, client: 10.200.10.136, server: , request: "GET /js/index.js?v=4fca2329573a94ee4352c9fc3ebc2552 HTTP/1.1", upstream: "http://10.0.0.38:8080/js/index.js?v=4fca2329573a94ee4352c9fc3ebc2552", host: "10.0.0.38"
2021/02/03 19:56:12 [error] 27#27: *1 "/etc/nginx/html/index.html" is not found (2: No such file or directory), client: 10.200.10.136, server: , request: "GET / HTTP/1.1", host: "10.0.0.38"
2021/02/03 19:56:16 [error] 27#27: *1 "/etc/nginx/html/index.html" is not found (2: No such file or directory), client: 10.200.10.136, server: , request: "GET / HTTP/1.1", host: "10.0.0.38"
2021/02/03 19:56:17 [error] 27#27: *1 "/etc/nginx/html/index.html" is not found (2: No such file or directory), client: 10.200.10.136, server: , request: "GET / HTTP/1.1", host: "10.0.0.38"
2021/02/03 19:56:24 [error] 27#27: *1 "/etc/nginx/html/index.html" is not found (2: No such file or directory), client: 10.200.10.136, server: , request: "GET / HTTP/1.1", host: "10.0.0.38"
2021/02/03 19:56:25 [error] 27#27: *1 "/etc/nginx/html/index.html" is not found (2: No such file or directory), client: 10.200.10.136, server: , request: "GET / HTTP/1.1", host: "10.0.0.38"
2021/02/03 19:56:31 [error] 27#27: *1 "/etc/nginx/html/index.html" is not found (2: No such file or directory), client: 10.200.10.136, server: , request: "GET / HTTP/1.1", host: "10.0.0.38"
2021/02/03 19:57:24 [warn] 1#1: server name "10.0.0.38/gitea" has suspicious symbols in /etc/nginx/conf.d/default.conf:3
2021/02/03 19:59:26 [warn] 1#1: server name "10.0.0.38/gitea" has suspicious symbols in /etc/nginx/conf.d/default.conf:3
2021/02/03 19:59:26 [warn] 1#1: server name "10.0.0.38/jenkins" has suspicious symbols in /etc/nginx/conf.d/default.conf:16
2021/02/03 20:00:22 [warn] 1#1: server name "10.0.0.38/gitea" has suspicious symbols in /etc/nginx/conf.d/default.conf:3
2021/02/03 20:00:22 [warn] 1#1: server name "10.0.0.38/jenkins" has suspicious symbols in /etc/nginx/conf.d/default.conf:16
2021/02/03 20:03:08 [warn] 1#1: server name "10.0.0.38/gitea" has suspicious symbols in /etc/nginx/conf.d/default.conf:3
2021/02/03 20:03:08 [warn] 1#1: server name "10.0.0.38/jenkins" has suspicious symbols in /etc/nginx/conf.d/default.conf:16
2021/02/03 20:03:19 [error] 27#27: *4 "/etc/nginx/html/index.html" is not found (2: No such file or directory), client: 10.200.10.136, server: 10.0.0.38/gitea, request: "GET / HTTP/1.1", host: "10.0.0.38"
2021/02/03 20:03:19 [error] 27#27: *2 open() "/etc/nginx/html/user/avatar/nudimannui4e/-1" failed (2: No such file or directory), client: 10.200.10.136, server: 10.0.0.38/gitea, request: "GET /user/avatar/nudimannui4e/-1 HTTP/1.1", host: "10.0.0.38"
2021/02/03 20:03:19 [error] 27#27: *3 open() "/etc/nginx/html/user/avatar/unifin/-1" failed (2: No such file or directory), client: 10.200.10.136, server: 10.0.0.38/gitea, request: "GET /user/avatar/unifin/-1 HTTP/1.1", host: "10.0.0.38"
2021/02/03 20:03:23 [error] 27#27: *4 "/etc/nginx/html/index.html" is not found (2: No such file or directory), client: 10.200.10.136, server: 10.0.0.38/gitea, request: "GET / HTTP/1.1", host: "10.0.0.38"
2021/02/03 20:03:23 [error] 27#27: *2 open() "/etc/nginx/html/user/avatar/nudimannui4e/-1" failed (2: No such file or directory), client: 10.200.10.136, server: 10.0.0.38/gitea, request: "GET /user/avatar/nudimannui4e/-1 HTTP/1.1", host: "10.0.0.38"
2021/02/03 20:03:23 [error] 27#27: *3 open() "/etc/nginx/html/user/avatar/unifin/-1" failed (2: No such file or directory), client: 10.200.10.136, server: 10.0.0.38/gitea, request: "GET /user/avatar/unifin/-1 HTTP/1.1", host: "10.0.0.38"
2021/02/03 20:03:24 [error] 27#27: *4 "/etc/nginx/html/index.html" is not found (2: No such file or directory), client: 10.200.10.136, server: 10.0.0.38/gitea, request: "GET / HTTP/1.1", host: "10.0.0.38"
2021/02/03 20:03:24 [error] 27#27: *2 open() "/etc/nginx/html/user/avatar/nudimannui4e/-1" failed (2: No such file or directory), client: 10.200.10.136, server: 10.0.0.38/gitea, request: "GET /user/avatar/nudimannui4e/-1 HTTP/1.1", host: "10.0.0.38"
2021/02/03 20:03:24 [error] 27#27: *3 open() "/etc/nginx/html/user/avatar/unifin/-1" failed (2: No such file or directory), client: 10.200.10.136, server: 10.0.0.38/gitea, request: "GET /user/avatar/unifin/-1 HTTP/1.1", host: "10.0.0.38"
2021/02/03 20:03:25 [error] 27#27: *4 "/etc/nginx/html/index.html" is not found (2: No such file or directory), client: 10.200.10.136, server: 10.0.0.38/gitea, request: "GET / HTTP/1.1", host: "10.0.0.38"
2021/02/03 20:03:25 [error] 27#27: *2 open() "/etc/nginx/html/user/avatar/nudimannui4e/-1" failed (2: No such file or directory), client: 10.200.10.136, server: 10.0.0.38/gitea, request: "GET /user/avatar/nudimannui4e/-1 HTTP/1.1", host: "10.0.0.38"
2021/02/03 20:03:25 [error] 27#27: *3 open() "/etc/nginx/html/user/avatar/unifin/-1" failed (2: No such file or directory), client: 10.200.10.136, server: 10.0.0.38/gitea, request: "GET /user/avatar/unifin/-1 HTTP/1.1", host: "10.0.0.38"
2021/02/03 20:03:26 [error] 27#27: *4 open() "/etc/nginx/html/jenkins" failed (2: No such file or directory), client: 10.200.10.136, server: 10.0.0.38/gitea, request: "GET /jenkins HTTP/1.1", host: "10.0.0.38"
2021/02/03 20:03:29 [error] 27#27: *2 open() "/etc/nginx/html/jenkins" failed (2: No such file or directory), client: 10.200.10.136, server: 10.0.0.38/gitea, request: "GET /jenkins HTTP/1.1", host: "10.0.0.38"
2021/02/03 20:03:32 [error] 27#27: *4 open() "/etc/nginx/html/jenkins" failed (2: No such file or directory), client: 10.200.10.136, server: 10.0.0.38/gitea, request: "GET /jenkins HTTP/1.1", host: "10.0.0.38"
2021/02/03 20:03:34 [error] 27#27: *4 "/etc/nginx/html/index.html" is not found (2: No such file or directory), client: 10.200.10.136, server: 10.0.0.38/gitea, request: "GET / HTTP/1.1", host: "10.0.0.38"
2021/02/03 20:03:34 [error] 27#27: *2 open() "/etc/nginx/html/user/avatar/nudimannui4e/-1" failed (2: No such file or directory), client: 10.200.10.136, server: 10.0.0.38/gitea, request: "GET /user/avatar/nudimannui4e/-1 HTTP/1.1", host: "10.0.0.38"
2021/02/03 20:03:34 [error] 27#27: *3 open() "/etc/nginx/html/user/avatar/unifin/-1" failed (2: No such file or directory), client: 10.200.10.136, server: 10.0.0.38/gitea, request: "GET /user/avatar/unifin/-1 HTTP/1.1", host: "10.0.0.38"
2021/02/03 20:05:09 [warn] 1#1: conflicting server name "" on 0.0.0.0:80, ignored
2021/02/03 20:05:09 [error] 27#27: *2 "/etc/nginx/html/index.html" is not found (2: No such file or directory), client: 10.200.10.136, server: , request: "GET / HTTP/1.1", host: "10.0.0.38"
2021/02/03 20:05:18 [error] 27#27: *3 "/etc/nginx/html/index.html" is not found (2: No such file or directory), client: 10.200.10.136, server: , request: "GET / HTTP/1.1", host: "10.0.0.38"
2021/02/03 20:05:21 [error] 27#27: *2 "/etc/nginx/html/index.html" is not found (2: No such file or directory), client: 10.200.10.136, server: , request: "GET / HTTP/1.1", host: "10.0.0.38"
2021/02/03 20:05:23 [error] 27#27: *2 "/etc/nginx/html/index.html" is not found (2: No such file or directory), client: 10.200.10.136, server: , request: "GET / HTTP/1.1", host: "10.0.0.38"
2021/02/03 20:05:26 [error] 27#27: *2 "/etc/nginx/html/index.html" is not found (2: No such file or directory), client: 10.200.10.136, server: , request: "GET / HTTP/1.1", host: "10.0.0.38"
2021/02/03 20:05:29 [error] 27#27: *2 open() "/etc/nginx/html/jenkins" failed (2: No such file or directory), client: 10.200.10.136, server: , request: "GET /jenkins HTTP/1.1", host: "10.0.0.38"
2021/02/03 20:05:35 [error] 27#27: *3 open() "/etc/nginx/html/jenkins" failed (2: No such file or directory), client: 10.200.10.136, server: , request: "GET /jenkins HTTP/1.1", host: "10.0.0.38"
2021/02/03 20:15:33 [warn] 1#1: conflicting server name "" on 0.0.0.0:80, ignored
2021/02/03 20:15:40 [error] 27#27: *2 "/etc/nginx/html/index.html" is not found (2: No such file or directory), client: 10.200.10.136, server: , request: "GET / HTTP/1.1", host: "10.0.0.38"
2021/02/03 20:15:40 [error] 27#27: *3 open() "/etc/nginx/html/user/avatar/unifin/-1" failed (2: No such file or directory), client: 10.200.10.136, server: , request: "GET /user/avatar/unifin/-1 HTTP/1.1", host: "10.0.0.38"
2021/02/03 20:15:40 [error] 27#27: *2 open() "/etc/nginx/html/user/avatar/nudimannui4e/-1" failed (2: No such file or directory), client: 10.200.10.136, server: , request: "GET /user/avatar/nudimannui4e/-1 HTTP/1.1", host: "10.0.0.38"
2021/02/03 20:15:42 [error] 27#27: *5 "/etc/nginx/html/index.html" is not found (2: No such file or directory), client: 10.200.10.136, server: , request: "GET / HTTP/1.1", host: "10.0.0.38"
2021/02/03 20:15:42 [error] 27#27: *2 open() "/etc/nginx/html/user/avatar/nudimannui4e/-1" failed (2: No such file or directory), client: 10.200.10.136, server: , request: "GET /user/avatar/nudimannui4e/-1 HTTP/1.1", host: "10.0.0.38"
2021/02/03 20:15:42 [error] 27#27: *3 open() "/etc/nginx/html/user/avatar/unifin/-1" failed (2: No such file or directory), client: 10.200.10.136, server: , request: "GET /user/avatar/unifin/-1 HTTP/1.1", host: "10.0.0.38"
2021/02/03 20:16:02 [error] 27#27: *6 open() "/etc/nginx/html/css/index.css" failed (2: No such file or directory), client: 10.200.10.136, server: , request: "GET /css/index.css?v=4fca2329573a94ee4352c9fc3ebc2552 HTTP/1.1", host: "10.0.0.38"
2021/02/03 20:16:02 [error] 27#27: *6 open() "/etc/nginx/html/img/404.png" failed (2: No such file or directory), client: 10.200.10.136, server: , request: "GET /img/404.png HTTP/1.1", host: "10.0.0.38"
2021/02/03 20:16:02 [error] 27#27: *8 open() "/etc/nginx/html/img/gitea-sm.png" failed (2: No such file or directory), client: 10.200.10.136, server: , request: "GET /img/gitea-sm.png HTTP/1.1", host: "10.0.0.38"
2021/02/03 20:16:02 [error] 27#27: *9 open() "/etc/nginx/html/js/index.js" failed (2: No such file or directory), client: 10.200.10.136, server: , request: "GET /js/index.js?v=4fca2329573a94ee4352c9fc3ebc2552 HTTP/1.1", host: "10.0.0.38"
2021/02/03 20:16:02 [error] 27#27: *10 open() "/etc/nginx/html/img/favicon.svg" failed (2: No such file or directory), client: 10.200.10.136, server: , request: "GET /img/favicon.svg HTTP/1.1", host: "10.0.0.38"
2021/02/03 20:16:15 [error] 27#27: *6 open() "/etc/nginx/html/jenkins" failed (2: No such file or directory), client: 10.200.10.136, server: , request: "GET /jenkins HTTP/1.1", host: "10.0.0.38"
2021/02/03 20:17:19 [warn] 1#1: conflicting server name "" on 0.0.0.0:80, ignored
2021/02/03 20:17:21 [error] 28#28: *1 open() "/etc/nginx/html/jenkins" failed (2: No such file or directory), client: 10.200.10.136, server: , request: "GET /jenkins HTTP/1.1", host: "10.0.0.38"
2021/02/03 20:17:25 [error] 28#28: *1 "/etc/nginx/html/jenkins/index.html" is not found (2: No such file or directory), client: 10.200.10.136, server: , request: "GET /jenkins/ HTTP/1.1", host: "10.0.0.38"
2021/02/03 20:17:35 [error] 28#28: *2 "/etc/nginx/html/index.html" is not found (2: No such file or directory), client: 10.200.10.136, server: , request: "GET / HTTP/1.1", host: "10.0.0.38"
2021/02/03 20:17:44 [error] 28#28: *3 open() "/etc/nginx/html/jenkins" failed (2: No such file or directory), client: 10.200.10.136, server: , request: "GET /jenkins HTTP/1.1", host: "10.0.0.38"
2021/02/03 20:30:47 [emerg] 1#1: invalid number of arguments in "proxy_pass" directive in /etc/nginx/conf.d/default.conf:6
2021/02/03 20:33:01 [warn] 1#1: conflicting server name "" on 0.0.0.0:80, ignored
2021/02/03 20:33:02 [error] 27#27: *2 "/etc/nginx/html/index.html" is not found (2: No such file or directory), client: 10.200.10.136, server: , request: "GET / HTTP/1.1", host: "10.0.0.38"
2021/02/03 20:33:10 [error] 27#27: *2 "/etc/nginx/html/index.html" is not found (2: No such file or directory), client: 10.200.10.136, server: , request: "GET / HTTP/1.1", host: "10.0.0.38"
2021/02/03 20:33:12 [error] 27#27: *3 open() "/etc/nginx/html/user/avatar/nudimannui4e/-1" failed (2: No such file or directory), client: 10.200.10.136, server: , request: "GET /user/avatar/nudimannui4e/-1 HTTP/1.1", host: "10.0.0.38"
2021/02/03 20:33:17 [error] 27#27: *3 open() "/etc/nginx/html/nudimannui4e" failed (2: No such file or directory), client: 10.200.10.136, server: , request: "GET /nudimannui4e HTTP/1.1", host: "10.0.0.38"
2021/02/03 20:33:18 [error] 27#27: *2 open() "/etc/nginx/html/favicon.ico" failed (2: No such file or directory), client: 10.200.10.136, server: , request: "GET /favicon.ico HTTP/1.1", host: "10.0.0.38", referrer: "http://10.0.0.38/nudimannui4e"
2021/02/03 20:33:48 [warn] 1#1: server name "10.0.0.38/qwe" has suspicious symbols in /etc/nginx/conf.d/default.conf:3
2021/02/03 20:38:17 [warn] 1#1: conflicting server name "" on 0.0.0.0:80, ignored
2021/02/04 06:12:29 [warn] 1#1: conflicting server name "" on 0.0.0.0:80, ignored
2021/02/04 06:12:40 [warn] 27#27: *1 an upstream response is buffered to a temporary file /var/cache/nginx/proxy_temp/1/00/0000000001 while reading upstream, client: 10.10.16.96, server: , request: "GET /css/index.css?v=4fca2329573a94ee4352c9fc3ebc2552 HTTP/1.1", upstream: "http://10.0.0.38:8080/css/index.css?v=4fca2329573a94ee4352c9fc3ebc2552", host: "10.0.0.38"
2021/02/04 06:12:40 [warn] 27#27: *1 an upstream response is buffered to a temporary file /var/cache/nginx/proxy_temp/2/00/0000000002 while reading upstream, client: 10.10.16.96, server: , request: "GET /js/index.js?v=4fca2329573a94ee4352c9fc3ebc2552 HTTP/1.1", upstream: "http://10.0.0.38:8080/js/index.js?v=4fca2329573a94ee4352c9fc3ebc2552", host: "10.0.0.38"
2021/02/04 06:16:15 [warn] 1#1: conflicting server name "" on 0.0.0.0:80, ignored
2021/02/04 06:16:15 [error] 28#28: *1 open() "/etc/nginx/html/user/events" failed (2: No such file or directory), client: 10.10.16.96, server: , request: "GET /user/events HTTP/1.1", host: "10.0.0.38", referrer: "http://10.0.0.38/js/eventsource.sharedworker.js"
2021/02/04 06:16:20 [error] 28#28: *1 open() "/etc/nginx/html/jenkins" failed (2: No such file or directory), client: 10.10.16.96, server: , request: "GET /jenkins HTTP/1.1", host: "10.0.0.38"
2021/02/04 06:16:20 [error] 28#28: *1 open() "/etc/nginx/html/favicon.ico" failed (2: No such file or directory), client: 10.10.16.96, server: , request: "GET /favicon.ico HTTP/1.1", host: "10.0.0.38", referrer: "http://10.0.0.38/jenkins"
2021/02/04 06:16:24 [error] 28#28: *1 "/etc/nginx/html/jenkins/index.html" is not found (2: No such file or directory), client: 10.10.16.96, server: , request: "GET /jenkins/ HTTP/1.1", host: "10.0.0.38"
2021/02/04 06:16:27 [error] 28#28: *1 "/etc/nginx/html/index.html" is not found (2: No such file or directory), client: 10.10.16.96, server: , request: "GET / HTTP/1.1", host: "10.0.0.38"
2021/02/04 06:16:32 [error] 28#28: *1 open() "/etc/nginx/html/user/avatar/nudimannui4e/-1" failed (2: No such file or directory), client: 10.10.16.96, server: , request: "GET /user/avatar/nudimannui4e/-1 HTTP/1.1", host: "10.0.0.38"
2021/02/04 06:16:32 [error] 28#28: *3 open() "/etc/nginx/html/user/avatar/unifin/-1" failed (2: No such file or directory), client: 10.10.16.96, server: , request: "GET /user/avatar/unifin/-1 HTTP/1.1", host: "10.0.0.38"
2021/02/04 06:16:33 [error] 28#28: *3 open() "/etc/nginx/html/api/v1/repos/search" failed (2: No such file or directory), client: 10.10.16.96, server: , request: "GET /api/v1/repos/search?sort=updated&order=desc&uid=1&q=&page=1&mode= HTTP/1.1", host: "10.0.0.38"
2021/02/04 06:16:33 [error] 28#28: *1 open() "/etc/nginx/html/api/v1/repos/search" failed (2: No such file or directory), client: 10.10.16.96, server: , request: "GET /api/v1/repos/search?sort=updated&order=desc&uid=1&q=&page=1&limit=15&mode=&archived=false HTTP/1.1", host: "10.0.0.38"
2021/02/04 06:16:33 [error] 28#28: *3 open() "/etc/nginx/html/api/v1/users/nudimannui4e/heatmap" failed (2: No such file or directory), client: 10.10.16.96, server: , request: "GET /api/v1/users/nudimannui4e/heatmap HTTP/1.1", host: "10.0.0.38"
2021/02/04 06:16:33 [error] 28#28: *3 open() "/etc/nginx/html/user/events" failed (2: No such file or directory), client: 10.10.16.96, server: , request: "GET /user/events HTTP/1.1", host: "10.0.0.38", referrer: "http://10.0.0.38/js/eventsource.sharedworker.js"
2021/02/04 06:16:39 [error] 28#28: *3 open() "/etc/nginx/html/org/unifin/dashboard" failed (2: No such file or directory), client: 10.10.16.96, server: , request: "GET /org/unifin/dashboard HTTP/1.1", host: "10.0.0.38"
2021/02/04 06:16:43 [error] 28#28: *3 open() "/etc/nginx/html/api/v1/repos/search" failed (2: No such file or directory), client: 10.10.16.96, server: , request: "GET /api/v1/repos/search?sort=updated&order=desc&uid=1&q=&page=1&mode= HTTP/1.1", host: "10.0.0.38"
2021/02/04 06:16:43 [error] 28#28: *1 open() "/etc/nginx/html/api/v1/repos/search" failed (2: No such file or directory), client: 10.10.16.96, server: , request: "GET /api/v1/repos/search?sort=updated&order=desc&uid=1&q=&page=1&limit=15&mode=&archived=false HTTP/1.1", host: "10.0.0.38"
2021/02/04 06:16:43 [error] 28#28: *4 open() "/etc/nginx/html/api/v1/users/nudimannui4e/heatmap" failed (2: No such file or directory), client: 10.10.16.96, server: , request: "GET /api/v1/users/nudimannui4e/heatmap HTTP/1.1", host: "10.0.0.38"
2021/02/04 06:16:43 [error] 28#28: *4 open() "/etc/nginx/html/user/events" failed (2: No such file or directory), client: 10.10.16.96, server: , request: "GET /user/events HTTP/1.1", host: "10.0.0.38", referrer: "http://10.0.0.38/js/eventsource.sharedworker.js"
2021/02/04 06:19:39 [warn] 1#1: server name "10.0.0.38/gitea" has suspicious symbols in /etc/nginx/conf.d/default.conf:3
2021/02/04 06:19:39 [emerg] 1#1: directive "server_name" is not terminated by ";" in /etc/nginx/conf.d/default.conf:18
2021/02/04 06:19:53 [warn] 1#1: server name "10.0.0.38/gitea" has suspicious symbols in /etc/nginx/conf.d/default.conf:3
2021/02/04 06:19:53 [warn] 1#1: server name "10.0.0.38/jenkins" has suspicious symbols in /etc/nginx/conf.d/default.conf:16
2021/02/04 06:20:13 [warn] 1#1: server name "10.0.0.38/gitea" has suspicious symbols in /etc/nginx/conf.d/default.conf:3
2021/02/04 06:20:13 [warn] 1#1: server name "10.0.0.38/jenkins" has suspicious symbols in /etc/nginx/conf.d/default.conf:16
2021/02/04 06:29:53 [emerg] 1#1: invalid host in "80/gitea" of the "listen" directive in /etc/nginx/conf.d/default.conf:2
2021/02/04 06:30:54 [emerg] 1#1: invalid host in "80/gitea" of the "listen" directive in /etc/nginx/conf.d/default.conf:2
2021/02/04 06:34:54 [emerg] 1#1: directive "server_name" is not terminated by ";" in /etc/nginx/conf.d/default.conf:6
2021/02/04 06:35:12 [warn] 1#1: server name "docker.unifin.cmp/gitea" has suspicious symbols in /etc/nginx/conf.d/default.conf:3
2021/02/04 06:35:12 [warn] 1#1: server name "docker.unifin.cmp/jenkins" has suspicious symbols in /etc/nginx/conf.d/default.conf:17
2021/02/04 06:35:27 [warn] 27#27: *13 an upstream response is buffered to a temporary file /var/cache/nginx/proxy_temp/1/00/0000000001 while reading upstream, client: 10.10.16.96, server: docker.unifin.cmp/gitea, request: "GET /css/index.css?v=4fca2329573a94ee4352c9fc3ebc2552 HTTP/1.1", upstream: "http://10.0.0.38:8080/css/index.css?v=4fca2329573a94ee4352c9fc3ebc2552", host: "docker.unifin.cmp"
2021/02/04 06:35:27 [warn] 27#27: *13 an upstream response is buffered to a temporary file /var/cache/nginx/proxy_temp/2/00/0000000002 while reading upstream, client: 10.10.16.96, server: docker.unifin.cmp/gitea, request: "GET /js/index.js?v=4fca2329573a94ee4352c9fc3ebc2552 HTTP/1.1", upstream: "http://10.0.0.38:8080/js/index.js?v=4fca2329573a94ee4352c9fc3ebc2552", host: "docker.unifin.cmp"
2021/02/04 06:39:32 [warn] 28#28: *12 an upstream response is buffered to a temporary file /var/cache/nginx/proxy_temp/1/00/0000000001 while reading upstream, client: 10.10.16.96, server: gitea.unifin.cmp, request: "GET /css/index.css?v=4fca2329573a94ee4352c9fc3ebc2552 HTTP/1.1", upstream: "http://10.0.0.38:8080/css/index.css?v=4fca2329573a94ee4352c9fc3ebc2552", host: "gitea.unifin.cmp"
2021/02/04 06:39:32 [warn] 28#28: *12 an upstream response is buffered to a temporary file /var/cache/nginx/proxy_temp/2/00/0000000002 while reading upstream, client: 10.10.16.96, server: gitea.unifin.cmp, request: "GET /js/index.js?v=4fca2329573a94ee4352c9fc3ebc2552 HTTP/1.1", upstream: "http://10.0.0.38:8080/js/index.js?v=4fca2329573a94ee4352c9fc3ebc2552", host: "gitea.unifin.cmp"
2021/02/04 07:35:34 [warn] 27#27: *1303 an upstream response is buffered to a temporary file /var/cache/nginx/proxy_temp/1/00/0000000001 while reading upstream, client: 10.10.16.96, server: gitea.unifin.cmp, request: "GET /vendor/plugins/simplemde/simplemde.min.js HTTP/1.1", upstream: "http://10.0.0.38:8080/vendor/plugins/simplemde/simplemde.min.js", host: "gitea.unifin.cmp"
